g++ : src/atm/core/log
ger.cpp: In static 
member function 
'static void 
Logger::showLogs()':
At line:1 char:1
+ g++ -Isrc 
src/main.cpp 
src/atm/account/*.cpp 
src/atm/core/*.cpp 
src/a ...
+ ~~~~~~~~~~~~~~~~~~~~
~~~~~~~~~~~~~~~~~~~~~~
~~~~~~~~~~~~~~~~~~~~~~
~~~~~
    + CategoryInfo    
          : NotSpeci  
  fied: (src/atm/co   
 re/lo...r::showLo    
gs()'::String) []    
, RemoteException
    + FullyQualifiedE 
   rrorId : NativeCo  
  mmandError
 
src/atm/core/logger.cp
p:13:9: error: 'cout' 
is not a member of 
'std'
         std::cout << 
"No transaction logs 
found.\n";
         ^~~
src/atm/core/logger.cp
p:17:5: error: 'cout' 
is not a member of 
'std'
     std::cout << 
"\n--- Audit Trail / 
Mini Statement ---\n";
     ^~~
src/atm/core/logger.cp
p:19:9: error: 'cout' 
is not a member of 
'std'
         std::cout << 
line << "\n";
         ^~~
src/atm/core/logger.cp
p:21:5: error: 'cout' 
is not a member of 
'std'
     std::cout << "---
----------------------
-----------\n";
     ^~~
src/atm/transaction/Ba
lanceInquiry.cpp: In 
member function 
'virtual void BalanceI
nquiry::execute(Accoun
t*)':
src/atm/transaction/Ba
lanceInquiry.cpp:6:65:
 error: invalid use 
of incomplete type 
'class Account'
     
Logger::log("Balance 
Inquiry: Rs. " + std::
to_string(account->get
Balance()));
                      
                      
                     
^~
In file included from 
src/atm/transaction/Ba
lanceInquiry.h:4:0,
                 from 
src/atm/transaction/Ba
lanceInquiry.cpp:1:
src/atm/transaction/Tr
ansaction.h:4:7: 
note: forward 
declaration of 'class 
Account'
 class Account;
       ^~~~~~~
src/atm/transaction/Ba
lanceInquiry.cpp:7:52:
 error: invalid use 
of incomplete type 
'class Account'
     std::cout << 
"Current Balance: Rs. 
" << 
account->getBalance() 
<< "\n";
                      
                      
        ^~
In file included from 
src/atm/transaction/Ba
lanceInquiry.h:4:0,
                 from 
src/atm/transaction/Ba
lanceInquiry.cpp:1:
src/atm/transaction/Tr
ansaction.h:4:7: 
note: forward 
declaration of 'class 
Account'
 class Account;
       ^~~~~~~
src/atm/transaction/De
posit.cpp: In member 
function 'virtual 
void Deposit::execute(
Account*)':
src/atm/transaction/De
posit.cpp:10:12: 
error: invalid use of 
incomplete type 
'class Account'
     account->deposit(
amount);
            ^~
In file included from 
src/atm/transaction/De
posit.h:4:0,
                 from 
src/atm/transaction/De
posit.cpp:1:
src/atm/transaction/Tr
ansaction.h:4:7: 
note: forward 
declaration of 'class 
Account'
 class Account;
       ^~~~~~~
src/atm/transaction/Wi
thdrawal.cpp: In 
member function 
'virtual void Withdraw
al::execute(Account*)'
:
src/atm/transaction/Wi
thdrawal.cpp:10:16: 
error: invalid use of 
incomplete type 
'class Account'
     if (account->with
draw(amount)) {
                ^~
In file included from 
src/atm/transaction/Wi
thdrawal.h:4:0,
                 from 
src/atm/transaction/Wi
thdrawal.cpp:1:
src/atm/transaction/Tr
ansaction.h:4:7: 
note: forward 
declaration of 'class 
Account'
 class Account;
       ^~~~~~~
